
> frontend@0.0.0 test
> ng test

[33m>[39m Building...
[32mÔêÜ[39m Building...
[1mInitial chunk files[22m                                                      [2m | [22m[1mNames[22m                                                                 [2m | [22m [1mRaw size[22m
[32mspec-app-features-tasks-task-list-task-list.js[39m                           [2m | [22m[2mspec-app-features-tasks-task-list-task-list[22m                           [2m | [22m [36m39.02 kB[39m[2m | [22m
[32mspec-app-features-projects-project-detail-project-detail.js[39m              [2m | [22m[2mspec-app-features-projects-project-detail-project-detail[22m              [2m | [22m [36m29.60 kB[39m[2m | [22m
[32mspec-app-features-profile-profile.js[39m                                     [2m | [22m[2mspec-app-features-profile-profile[22m                                     [2m | [22m [36m24.22 kB[39m[2m | [22m
[32mspec-app-features-projects-project-list-project-list.js[39m                  [2m | [22m[2mspec-app-features-projects-project-list-project-list[22m                  [2m | [22m [36m24.18 kB[39m[2m | [22m
[32mspec-app-features-users-user-list-user-list.js[39m                           [2m | [22m[2mspec-app-features-users-user-list-user-list[22m                           [2m | [22m [36m21.16 kB[39m[2m | [22m
[32mspec-app-auth-login-login.js[39m                                             [2m | [22m[2mspec-app-auth-login-login[22m                                             [2m | [22m [36m20.55 kB[39m[2m | [22m
[32mspec-app-auth-register-register.js[39m                                       [2m | [22m[2mspec-app-auth-register-register[22m                                       [2m | [22m [36m20.27 kB[39m[2m | [22m
[32mspec-app-features-tasks-task-detail-task-detail.js[39m                       [2m | [22m[2mspec-app-features-tasks-task-detail-task-detail[22m                       [2m | [22m [36m16.13 kB[39m[2m | [22m
[32mchunk-SQ4L4HWK.js[39m                                                        [2m | [22m[2m-[22m                                                                     [2m | [22m [36m15.43 kB[39m[2m | [22m
[32mspec-app-features-dashboard-dashboard.js[39m                                 [2m | [22m[2mspec-app-features-dashboard-dashboard[22m                                 [2m | [22m [36m13.46 kB[39m[2m | [22m
[32mchunk-RLXESRXA.js[39m                                                        [2m | [22m[2m-[22m                                                                     [2m | [22m  [36m9.04 kB[39m[2m | [22m
[32mstyles.css[39m                                                               [2m | [22m[2mstyles[22m                                                                [2m | [22m  [36m9.00 kB[39m[2m | [22m
[32mspec-app-core-services-auth.service.js[39m                                   [2m | [22m[2mspec-app-core-services-auth.service[22m                                   [2m | [22m  [36m8.06 kB[39m[2m | [22m
[32mchunk-CS2EIBZX.js[39m                                                        [2m | [22m[2m-[22m                                                                     [2m | [22m  [36m7.55 kB[39m[2m | [22m
[32mchunk-TQRPRQ3E.js[39m                                                        [2m | [22m[2m-[22m                                                                     [2m | [22m  [36m6.91 kB[39m[2m | [22m
[32mspec-app-features-tasks-tasks-create-tasks-create.js[39m                     [2m | [22m[2mspec-app-features-tasks-tasks-create-tasks-create[22m                     [2m | [22m  [36m6.18 kB[39m[2m | [22m
[32mchunk-RSTWSNOR.js[39m                                                        [2m | [22m[2m-[22m                                                                     [2m | [22m  [36m4.75 kB[39m[2m | [22m
[32mspec-app-features-projects-project-create-project-create.js[39m              [2m | [22m[2mspec-app-features-projects-project-create-project-create[22m              [2m | [22m  [36m3.91 kB[39m[2m | [22m
[32mspec-app-core-services-project.service.js[39m                                [2m | [22m[2mspec-app-core-services-project.service[22m                                [2m | [22m  [36m3.71 kB[39m[2m | [22m
[32mspec-app-core-services-task.service.js[39m                                   [2m | [22m[2mspec-app-core-services-task.service[22m                                   [2m | [22m  [36m3.20 kB[39m[2m | [22m
[32mspec-app-features-tasks-task-assign-task-assign.js[39m                       [2m | [22m[2mspec-app-features-tasks-task-assign-task-assign[22m                       [2m | [22m  [36m2.69 kB[39m[2m | [22m
[32mspec-app-features-projects-project-member-assign-project-member-assign.js[39m[2m | [22m[2mspec-app-features-projects-project-member-assign-project-member-assign[22m[2m | [22m  [36m2.63 kB[39m[2m | [22m
[32mchunk-WDPKLTA3.js[39m                                                        [2m | [22m[2m-[22m                                                                     [2m | [22m  [36m2.55 kB[39m[2m | [22m
[32mspec-app-app.js[39m                                                          [2m | [22m[2mspec-app-app[22m                                                          [2m | [22m  [36m2.23 kB[39m[2m | [22m
[32mspec-app-core-interceptors-auth-interceptor.js[39m                           [2m | [22m[2mspec-app-core-interceptors-auth-interceptor[22m                           [2m | [22m  [36m2.08 kB[39m[2m | [22m
[32mchunk-2S5TKEYM.js[39m                                                        [2m | [22m[2m-[22m                                                                     [2m | [22m  [36m1.60 kB[39m[2m | [22m
[32mspec-app-core-services-notification.service.js[39m                           [2m | [22m[2mspec-app-core-services-notification.service[22m                           [2m | [22m  [36m1.56 kB[39m[2m | [22m
[32mchunk-E6J4DTLE.js[39m                                                        [2m | [22m[2m-[22m                                                                     [2m | [22m  [36m1.45 kB[39m[2m | [22m
[32mchunk-K6S4AF2I.js[39m                                                        [2m | [22m[2m-[22m                                                                     [2m | [22m  [36m1.38 kB[39m[2m | [22m
[32minit-testbed.js[39m                                                          [2m | [22m[2minit-testbed[22m                                                          [2m | [22m  [36m1.21 kB[39m[2m | [22m
[32mvitest-mock-patch.js[39m                                                     [2m | [22m[2mvitest-mock-patch[22m                                                     [2m | [22m[36m969 bytes[39m[2m | [22m

[1m [22m                                                                        [2m | [22m[1mInitial total[22m                                                         [2m | [22m[1m306.68 kB[22m

Application bundle generation complete. [8.527 seconds] - 2026-04-29T17:42:20.234Z


[1m[30m[46m RUN [49m[39m[22m [36mv4.1.4 [39m[90mC:/Users/techl/Desktop/AngularProjects/Project-and-Team-Management-App/frontend[39m

 [31mÔØ»[39m [30m[43m frontend [49m[39m src/app/auth/register/register.spec.ts [2m([22m[2m7 tests[22m[2m | [22m[31m7 failed[39m[2m)[22m[33m 3275[2mms[22m[39m
[31m     [31m├ù[31m should create[39m[33m 1763[2mms[22m[39m
[31m     [31m├ù[31m should navigate to login on success[39m[33m 357[2mms[22m[39m
[31m     [31m├ù[31m should set error on 422[39m[32m 229[2mms[22m[39m
[31m     [31m├ù[31m should show generic error for other statuses[39m[32m 214[2mms[22m[39m
[31m     [31m├ù[31m should show generic fallback error without message[39m[32m 256[2mms[22m[39m
[31m     [31m├ù[31m should not submit if form is invalid[39m[32m 249[2mms[22m[39m
[31m     [31m├ù[31m should toggle password visibility[39m[32m 201[2mms[22m[39m
 [31mÔØ»[39m [30m[43m frontend [49m[39m src/app/auth/login/login.spec.ts [2m([22m[2m10 tests[22m[2m | [22m[31m10 failed[39m[2m)[22m[33m 3549[2mms[22m[39m
[31m     [31m├ù[31m should create[39m[33m 1557[2mms[22m[39m
[31m     [31m├ù[31m should show error if form is invalid on submit[39m[33m 351[2mms[22m[39m
[31m     [31m├ù[31m should navigate to projects if admin logs in[39m[32m 297[2mms[22m[39m
[31m     [31m├ù[31m should navigate to tasks if user logs in[39m[32m 193[2mms[22m[39m
[31m     [31m├ù[31m should handle 401 error[39m[32m 223[2mms[22m[39m
[31m     [31m├ù[31m should handle 422 error with validation messages[39m[32m 242[2mms[22m[39m
[31m     [31m├ù[31m should handle 404 error[39m[32m 191[2mms[22m[39m
[31m     [31m├ù[31m should handle generic error[39m[32m 124[2mms[22m[39m
[31m     [31m├ù[31m should handle generic error without message[39m[32m 153[2mms[22m[39m
[31m     [31m├ù[31m should toggle password visibility[39m[32m 209[2mms[22m[39m
 [31mÔØ»[39m [30m[43m frontend [49m[39m src/app/features/projects/project-create/project-create.spec.ts [2m([22m[2m7 tests[22m[2m | [22m[31m3 failed[39m[2m)[22m[33m 4844[2mms[22m[39m
     [33m[2mÔ£ô[22m[39m should create [33m 2892[2mms[22m[39m
[31m     [31m├ù[31m should initialize form for creation[39m[33m 485[2mms[22m[39m
[31m     [31m├ù[31m should create project and close dialog on success[39m[33m 325[2mms[22m[39m
[31m     [31m├ù[31m should update project if in edit mode[39m[33m 506[2mms[22m[39m
     [32mÔ£ô[39m should handle create error[32m 251[2mms[22m[39m
     [32mÔ£ô[39m should close on cancel[32m 187[2mms[22m[39m
     [32mÔ£ô[39m should not submit if form is invalid[32m 192[2mms[22m[39m
 [31mÔØ»[39m [30m[43m frontend [49m[39m src/app/features/projects/project-detail/project-detail.spec.ts [2m([22m[2m9 tests[22m[2m | [22m[31m9 failed[39m[2m)[22m[33m 3840[2mms[22m[39m
[31m     [31m├ù[31m should create[39m[33m 2095[2mms[22m[39m
[31m     [31m├ù[31m should open add member dialog and reload on success[39m[33m 310[2mms[22m[39m
[31m     [31m├ù[31m should not reload on add member dialog cancel[39m[32m 227[2mms[22m[39m
[31m     [31m├ù[31m should remove member after confirmation[39m[32m 227[2mms[22m[39m
[31m     [31m├ù[31m should not remove member if confirm is false[39m[32m 234[2mms[22m[39m
[31m     [31m├ù[31m should handle removeMember error[39m[32m 158[2mms[22m[39m
[31m     [31m├ù[31m should handle loadProject error[39m[32m 231[2mms[22m[39m
[31m     [31m├ù[31m should navigate back to projects[39m[32m 189[2mms[22m[39m
[31m     [31m├ù[31m should navigate back if projectId is 0[39m[32m 164[2mms[22m[39m
 [32mÔ£ô[39m [30m[43m frontend [49m[39m src/app/features/tasks/tasks-create/tasks-create.spec.ts [2m([22m[2m10 tests[22m[2m)[22m[33m 3050[2mms[22m[39m
     [33m[2mÔ£ô[22m[39m should create [33m 1374[2mms[22m[39m
 [31mÔØ»[39m [30m[43m frontend [49m[39m src/app/features/profile/profile.spec.ts [2m([22m[2m13 tests[22m[2m | [22m[31m8 failed[39m[2m)[22m[33m 5204[2mms[22m[39m
     [33m[2mÔ£ô[22m[39m should create [33m 2262[2mms[22m[39m
[31m     [31m├ù[31m should initialize form with current user data[39m[33m 561[2mms[22m[39m
[31m     [31m├ù[31m should update profile successfully without password[39m[32m 296[2mms[22m[39m
[31m     [31m├ù[31m should update profile with password[39m[32m 285[2mms[22m[39m
[31m     [31m├ù[31m should handle update error[39m[32m 230[2mms[22m[39m
[31m     [31m├ù[31m should handle 422 validation error[39m[32m 241[2mms[22m[39m
[31m     [31m├ù[31m should navigate to home on cancel[39m[32m 210[2mms[22m[39m
     [32mÔ£ô[39m should toggle password visibility[32m 163[2mms[22m[39m
     [32mÔ£ô[39m should show error messages in the template[32m 237[2mms[22m[39m
     [32mÔ£ô[39m should render profile form[32m 168[2mms[22m[39m
     [32mÔ£ô[39m should not patch form if user is null[32m 232[2mms[22m[39m
[31m     [31m├ù[31m should send password fields if password is provided[39m[32m 181[2mms[22m[39m
[31m     [31m├ù[31m should handle generic error[39m[32m 132[2mms[22m[39m
 [32mÔ£ô[39m [30m[43m frontend [49m[39m src/app/features/tasks/task-list/task-list.spec.ts [2m([22m[2m18 tests[22m[2m)[22m[33m 2687[2mms[22m[39m
     [33m[2mÔ£ô[22m[39m should create [33m 729[2mms[22m[39m
 [32mÔ£ô[39m [30m[43m frontend [49m[39m src/app/core/services/auth.service.spec.ts [2m([22m[2m12 tests[22m[2m)[22m[32m 131[2mms[22m[39m
 [32mÔ£ô[39m [30m[43m frontend [49m[39m src/app/core/services/project.service.spec.ts [2m([22m[2m8 tests[22m[2m)[22m[32m 42[2mms[22m[39m
node.exe : Not implemented: HTMLCanvasElement's getContext() method: without installing the canvas npm package
At line:1 char:1
+ & "C:\Program Files\nodejs/node.exe" "C:\Program Files\nodejs/node_mo ...
+ ~~~~~~~~~~~~~~~~~~~~~~~~~~~~~~~~~~~~~~~~~~~~~~~~~~~~~~~~~~~~~~~~~~~~~
    + CategoryInfo          : NotSpecified: (Not implemented...vas npm package:String) [], RemoteException
    + FullyQualifiedErrorId : NativeCommandError
 
Not implemented: HTMLCanvasElement's getContext() method: without installing the canvas npm package
[90mstderr[2m | src/app/features/dashboard/dashboard.spec.ts[2m > [22m[2mDashboardComponent[2m > [22m[2mshould 
render charts after timeout
[22m[39mFailed to create chart: can't acquire context from the given item
Failed to create chart: can't acquire context from the given item

Not implemented: HTMLCanvasElement's getContext() method: without installing the canvas npm package
Not implemented: HTMLCanvasElement's getContext() method: without installing the canvas npm package
[90mstderr[2m | src/app/features/dashboard/dashboard.spec.ts[2m > [22m[2mDashboardComponent[2m > [22m[2mshould 
render charts after timeout
[22m[39mFailed to create chart: can't acquire context from the given item
Failed to create chart: can't acquire context from the given item

Not implemented: HTMLCanvasElement's getContext() method: without installing the canvas npm package
Not implemented: HTMLCanvasElement's getContext() method: without installing the canvas npm package
[90mstderr[2m | src/app/features/dashboard/dashboard.spec.ts[2m > [22m[2mDashboardComponent[2m > [22m[2mshould 
render charts after timeout
[22m[39mFailed to create chart: can't acquire context from the given item
Failed to create chart: can't acquire context from the given item

 [32mÔ£ô[39m [30m[43m frontend [49m[39m src/app/core/services/task.service.spec.ts [2m([22m[2m7 tests[22m[2m)[22m[32m 38[2mms[22m[39m
 [32mÔ£ô[39m [30m[43m frontend [49m[39m src/app/core/services/notification.service.spec.ts [2m([22m[2m4 tests[22m[2m)[22m[32m 25[2mms[22m[39m
 [32mÔ£ô[39m [30m[43m frontend [49m[39m src/app/core/interceptors/auth-interceptor.spec.ts [2m([22m[2m2 tests[22m[2m)[22m[32m 12[2mms[22m[39m
Not implemented: HTMLCanvasElement's getContext() method: without installing the canvas npm package
Not implemented: HTMLCanvasElement's getContext() method: without installing the canvas npm package
[90mstderr[2m | src/app/features/dashboard/dashboard.spec.ts[2m > [22m[2mDashboardComponent[2m > [22m[2mshould 
not render charts on server platform
[22m[39mFailed to create chart: can't acquire context from the given item
Failed to create chart: can't acquire context from the given item

 [32mÔ£ô[39m [30m[43m frontend [49m[39m src/app/app.spec.ts [2m([22m[2m1 test[22m[2m)[22m[32m 11[2mms[22m[39m
 [32mÔ£ô[39m [30m[43m frontend [49m[39m src/app/features/dashboard/dashboard.spec.ts [2m([22m[2m5 tests[22m[2m)[22m[33m 525[2mms[22m[39m
 [32mÔ£ô[39m [30m[43m frontend [49m[39m src/app/features/tasks/task-detail/task-detail.spec.ts [2m([22m[2m3 tests[22m[2m)[22m[33m 985[2mms[22m[39m
     [33m[2mÔ£ô[22m[39m should create [33m 484[2mms[22m[39m
     [33m[2mÔ£ô[22m[39m should navigate back if taskId is 0 [33m 350[2mms[22m[39m
 [32mÔ£ô[39m [30m[43m frontend [49m[39m src/app/features/users/user-list/user-list.spec.ts [2m([22m[2m7 tests[22m[2m)[22m[33m 1812[2mms[22m[39m
     [33m[2mÔ£ô[22m[39m should create [33m 420[2mms[22m[39m
     [33m[2mÔ£ô[22m[39m should toggle role to admin on confirm [33m 394[2mms[22m[39m
     [33m[2mÔ£ô[22m[39m should not toggle role if not confirmed [33m 333[2mms[22m[39m
 [32mÔ£ô[39m [30m[43m frontend [49m[39m src/app/features/tasks/task-assign/task-assign.spec.ts [2m([22m[2m6 tests[22m[2m)[22m[33m 1975[2mms[22m[39m
     [33m[2mÔ£ô[22m[39m should create [33m 873[2mms[22m[39m
     [33m[2mÔ£ô[22m[39m should load users on init [33m 367[2mms[22m[39m
[90mstderr[2m | src/app/features/projects/project-list/project-list.spec.ts[2m > [22m[2mProjectList Component[2m 
> [22m[2mshould handle delete error
[22m[39mError deleting project { status: [33m500[39m }

 [32mÔ£ô[39m [30m[43m frontend [49m[39m src/app/features/projects/project-member-assign/project-member-assign.spec.ts [2m([22m[2m5 tests[22m[2m)[22m[33m 2093[2mms[22m[39m
     [33m[2mÔ£ô[22m[39m should create [33m 1124[2mms[22m[39m
     [33m[2mÔ£ô[22m[39m should load users on init [33m 336[2mms[22m[39m
 [32mÔ£ô[39m [30m[43m frontend [49m[39m src/app/features/projects/project-list/project-list.spec.ts [2m([22m[2m10 tests[22m[2m)[22m[33m 1663[2mms[22m[39m
     [33m[2mÔ£ô[22m[39m should create [33m 627[2mms[22m[39m

[31mÔÄ»ÔÄ»ÔÄ»ÔÄ»ÔÄ»ÔÄ»[39m[1m[41m Failed Tests 37 [49m[22m[31mÔÄ»ÔÄ»ÔÄ»ÔÄ»ÔÄ»ÔÄ»ÔÄ»[39m

[41m[1m FAIL [22m[49m [30m[43m frontend [49m[39m src/app/auth/login/login.spec.ts[2m > [22mLogin 
Component[2m > [22mshould create
[41m[1m FAIL [22m[49m [30m[43m frontend [49m[39m src/app/auth/login/login.spec.ts[2m > [22mLogin 
Component[2m > [22mshould show error if form is invalid on submit
[41m[1m FAIL [22m[49m [30m[43m frontend [49m[39m src/app/auth/login/login.spec.ts[2m > [22mLogin 
Component[2m > [22mshould navigate to projects if admin logs in
[41m[1m FAIL [22m[49m [30m[43m frontend [49m[39m src/app/auth/login/login.spec.ts[2m > [22mLogin 
Component[2m > [22mshould navigate to tasks if user logs in
[41m[1m FAIL [22m[49m [30m[43m frontend [49m[39m src/app/auth/login/login.spec.ts[2m > [22mLogin 
Component[2m > [22mshould handle 401 error
[41m[1m FAIL [22m[49m [30m[43m frontend [49m[39m src/app/auth/login/login.spec.ts[2m > [22mLogin 
Component[2m > [22mshould handle 422 error with validation messages
[41m[1m FAIL [22m[49m [30m[43m frontend [49m[39m src/app/auth/login/login.spec.ts[2m > [22mLogin 
Component[2m > [22mshould handle 404 error
[41m[1m FAIL [22m[49m [30m[43m frontend [49m[39m src/app/auth/login/login.spec.ts[2m > [22mLogin 
Component[2m > [22mshould handle generic error
[41m[1m FAIL [22m[49m [30m[43m frontend [49m[39m src/app/auth/login/login.spec.ts[2m > [22mLogin 
Component[2m > [22mshould handle generic error without message
[41m[1m FAIL [22m[49m [30m[43m frontend [49m[39m src/app/auth/login/login.spec.ts[2m > [22mLogin 
Component[2m > [22mshould toggle password visibility
[41m[1m FAIL [22m[49m [30m[43m frontend [49m[39m src/app/auth/register/register.spec.ts[2m > [22mRegister 
Component[2m > [22mshould create
[41m[1m FAIL [22m[49m [30m[43m frontend [49m[39m src/app/auth/register/register.spec.ts[2m > [22mRegister 
Component[2m > [22mshould navigate to login on success
[41m[1m FAIL [22m[49m [30m[43m frontend [49m[39m src/app/auth/register/register.spec.ts[2m > [22mRegister 
Component[2m > [22mshould set error on 422
[41m[1m FAIL [22m[49m [30m[43m frontend [49m[39m src/app/auth/register/register.spec.ts[2m > [22mRegister 
Component[2m > [22mshould show generic error for other statuses
[41m[1m FAIL [22m[49m [30m[43m frontend [49m[39m src/app/auth/register/register.spec.ts[2m > [22mRegister 
Component[2m > [22mshould show generic fallback error without message
[41m[1m FAIL [22m[49m [30m[43m frontend [49m[39m src/app/auth/register/register.spec.ts[2m > [22mRegister 
Component[2m > [22mshould not submit if form is invalid
[41m[1m FAIL [22m[49m [30m[43m frontend [49m[39m src/app/auth/register/register.spec.ts[2m > [22mRegister 
Component[2m > [22mshould toggle password visibility
[31m[1mTypeError[22m: Cannot read properties of undefined (reading 'root')[39m
[90m [2mÔØ»[22m root 
../darwin_arm64-fastbuild-ST-fdfa778d11ba/bin/packages/router/src/provide_router.ts:[2m119:36[22m[39m
[90m [2mÔØ»[22m useFactory 
../darwin_arm64-fastbuild-ST-fdfa778d11ba/bin/packages/core/src/di/r3_injector.ts:[2m656:31[22m[39m
[90m [2mÔØ»[22m factory 
../darwin_arm64-fastbuild-ST-fdfa778d11ba/bin/packages/core/src/di/r3_injector.ts:[2m535:34[22m[39m
[90m [2mÔØ»[22m callback 
../darwin_arm64-fastbuild-ST-fdfa778d11ba/bin/packages/core/src/render3/debug/injector_profiler.ts:[2m387:4[22m[39m
[90m [2mÔØ»[22m runInInjectorProfilerContext 
../darwin_arm64-fastbuild-ST-fdfa778d11ba/bin/packages/core/src/di/r3_injector.ts:[2m533:10[22m[39m
[90m [2mÔØ»[22m hydrate 
../darwin_arm64-fastbuild-ST-fdfa778d11ba/bin/packages/core/src/di/r3_injector.ts:[2m370:22[22m[39m
[90m [2mÔØ»[22m get 
../darwin_arm64-fastbuild-ST-fdfa778d11ba/bin/packages/core/src/di/r3_injector.ts:[2m383:26[22m[39m
[90m [2mÔØ»[22m get 
../darwin_arm64-fastbuild-ST-fdfa778d11ba/bin/packages/core/src/render3/chained_injector.ts:[2m43:31[22m[39m
[90m [2mÔØ»[22m get 
../darwin_arm64-fastbuild-ST-fdfa778d11ba/bin/packages/core/src/render3/di.ts:[2m426:63[22m[39m
[90m [2mÔØ»[22m lookupTokenUsingModuleInjector 
../darwin_arm64-fastbuild-ST-fdfa778d11ba/bin/packages/core/src/render3/di.ts:[2m493:9[22m[39m

[31m[2mÔÄ»ÔÄ»ÔÄ»ÔÄ»ÔÄ»ÔÄ»ÔÄ»ÔÄ»ÔÄ»ÔÄ»ÔÄ»ÔÄ»ÔÄ»ÔÄ»ÔÄ»ÔÄ»ÔÄ»ÔÄ»ÔÄ»ÔÄ»ÔÄ»ÔÄ»ÔÄ»[1/37]ÔÄ»[22m[39m

[41m[1m FAIL [22m[49m [30m[43m frontend [49m[39m src/app/features/profile/profile.spec.ts[2m > 
[22mProfileComponent[2m > [22mshould initialize form with current user data
[31m[1mAssertionError[22m: expected '' to be 'John Doe' // Object.is equality[39m

[32m- Expected[39m
[31m+ Received[39m

[32m- John Doe[39m

[36m [2mÔØ»[22m src/app/features/profile/profile.spec.ts:[2m55:46[22m[39m
    [90m 53|[39m
    [90m 54|[39m   [34mit[39m([32m'should initialize form with current user data'[39m[33m,[39m () [33m=>[39m 
{
    [90m 55|[39m     [34mexpect[39m(component[33m.[39mprofileForm[33m.[39mvalue[33m.[39mname)[33m.[39m[34m
toBe[39m(mockUser[33m.[39mname)[33m;[39m
    [90m   |[39m                                              [31m^[39m
    [90m 56|[39m     [34mexpect[39m(component[33m.[39mprofileForm[33m.[39mvalue[33m.[39memail)[33m.[39m[34
mtoBe[39m(mockUser[33m.[39memail)[33m;[39m
    [90m 57|[39m   })[33m;[39m

[31m[2mÔÄ»ÔÄ»ÔÄ»ÔÄ»ÔÄ»ÔÄ»ÔÄ»ÔÄ»ÔÄ»ÔÄ»ÔÄ»ÔÄ»ÔÄ»ÔÄ»ÔÄ»ÔÄ»ÔÄ»ÔÄ»ÔÄ»ÔÄ»ÔÄ»ÔÄ»ÔÄ»[2/37]ÔÄ»[22m[39m

[41m[1m FAIL [22m[49m [30m[43m frontend [49m[39m src/app/features/profile/profile.spec.ts[2m > 
[22mProfileComponent[2m > [22mshould update profile successfully without password
[31m[1mAssertionError[22m: expected "vi.fn()" to be called with arguments: [ { name: 'Updated Name', ÔÇª(1) } ][90m

Number of calls: [1m0[22m
[31m[39m
[36m [2mÔØ»[22m src/app/features/profile/profile.spec.ts:[2m65:42[22m[39m
    [90m 63|[39m     component[33m.[39m[34monSubmit[39m()[33m;[39m
    [90m 64|[39m
    [90m 65|[39m     
[34mexpect[39m(authServiceSpy[33m.[39mupdateProfile)[33m.[39m[34mtoHaveBeenCalledWith[39m({
    [90m   |[39m                                          [31m^[39m
    [90m 66|[39m       name[33m:[39m [32m'Updated Name'[39m[33m,[39m
    [90m 67|[39m       email[33m:[39m mockUser[33m.[39memail

[31m[2mÔÄ»ÔÄ»ÔÄ»ÔÄ»ÔÄ»ÔÄ»ÔÄ»ÔÄ»ÔÄ»ÔÄ»ÔÄ»ÔÄ»ÔÄ»ÔÄ»ÔÄ»ÔÄ»ÔÄ»ÔÄ»ÔÄ»ÔÄ»ÔÄ»ÔÄ»ÔÄ»[3/37]ÔÄ»[22m[39m

[41m[1m FAIL [22m[49m [30m[43m frontend [49m[39m src/app/features/profile/profile.spec.ts[2m > 
[22mProfileComponent[2m > [22mshould update profile with password
[31m[1mAssertionError[22m: expected "vi.fn()" to be called with arguments: [ ObjectContaining{ÔÇª} ][90m

Number of calls: [1m0[22m
[31m[39m
[36m [2mÔØ»[22m src/app/features/profile/profile.spec.ts:[2m83:42[22m[39m
    [90m 81|[39m     component[33m.[39m[34monSubmit[39m()[33m;[39m
    [90m 82|[39m
    [90m 83|[39m     expect(authServiceSpy.updateProfile).toHaveBeenCalledWith(expect.oÔÇª
    [90m   |[39m                                          [31m^[39m
    [90m 84|[39m       password[33m:[39m [32m'newpassword123'[39m
    [90m 85|[39m     }))[33m;[39m

[31m[2mÔÄ»ÔÄ»ÔÄ»ÔÄ»ÔÄ»ÔÄ»ÔÄ»ÔÄ»ÔÄ»ÔÄ»ÔÄ»ÔÄ»ÔÄ»ÔÄ»ÔÄ»ÔÄ»ÔÄ»ÔÄ»ÔÄ»ÔÄ»ÔÄ»ÔÄ»ÔÄ»[4/37]ÔÄ»[22m[39m

[41m[1m FAIL [22m[49m [30m[43m frontend [49m[39m src/app/features/profile/profile.spec.ts[2m > 
[22mProfileComponent[2m > [22mshould handle update error
[31m[1mAssertionError[22m: expected "vi.fn()" to be called at least once[39m
[36m [2mÔØ»[22m src/app/features/profile/profile.spec.ts:[2m91:33[22m[39m
    [90m 89|[39m     authServiceSpy.updateProfile.mockReturnValue(throwError(() => ({ sÔÇª
    [90m 90|[39m     component[33m.[39m[34monSubmit[39m()[33m;[39m
    [90m 91|[39m     
[34mexpect[39m(notifySpy[33m.[39mshowError)[33m.[39m[34mtoHaveBeenCalled[39m()[33m;[39m
    [90m   |[39m                                 [31m^[39m
    [90m 92|[39m   })[33m;[39m
    [90m 93|[39m

[31m[2mÔÄ»ÔÄ»ÔÄ»ÔÄ»ÔÄ»ÔÄ»ÔÄ»ÔÄ»ÔÄ»ÔÄ»ÔÄ»ÔÄ»ÔÄ»ÔÄ»ÔÄ»ÔÄ»ÔÄ»ÔÄ»ÔÄ»ÔÄ»ÔÄ»ÔÄ»ÔÄ»[5/37]ÔÄ»[22m[39m

[41m[1m FAIL [22m[49m [30m[43m frontend [49m[39m src/app/features/profile/profile.spec.ts[2m > 
[22mProfileComponent[2m > [22mshould handle 422 validation error
[31m[1mAssertionError[22m: expected "vi.fn()" to be called with arguments: [ 'The email has already been taken.' 
][90m

Number of calls: [1m0[22m
[31m[39m
[36m [2mÔØ»[22m src/app/features/profile/profile.spec.ts:[2m105:33[22m[39m
    [90m103|[39m     authServiceSpy.updateProfile.mockReturnValue(throwError(() => erroÔÇª
    [90m104|[39m     component[33m.[39m[34monSubmit[39m()[33m;[39m
    [90m105|[39m     expect(notifySpy.showError).toHaveBeenCalledWith('The email has alÔÇª
    [90m   |[39m                                 [31m^[39m
    [90m106|[39m   })[33m;[39m
    [90m107|[39m

[31m[2mÔÄ»ÔÄ»ÔÄ»ÔÄ»ÔÄ»ÔÄ»ÔÄ»ÔÄ»ÔÄ»ÔÄ»ÔÄ»ÔÄ»ÔÄ»ÔÄ»ÔÄ»ÔÄ»ÔÄ»ÔÄ»ÔÄ»ÔÄ»ÔÄ»ÔÄ»ÔÄ»[6/37]ÔÄ»[22m[39m

[41m[1m FAIL [22m[49m [30m[43m frontend [49m[39m src/app/features/profile/profile.spec.ts[2m > 
[22mProfileComponent[2m > [22mshould navigate to home on cancel
[31m[1mAssertionError[22m: expected "vi.fn()" to be called with arguments: [ [ '/' ] ][90m

Number of calls: [1m0[22m
[31m[39m
[36m [2mÔØ»[22m src/app/features/profile/profile.spec.ts:[2m110:32[22m[39m
    [90m108|[39m   [34mit[39m([32m'should navigate to home on cancel'[39m[33m,[39m () [33m=>[39m {
    [90m109|[39m     component[33m.[39m[34monCancel[39m()[33m;[39m
    [90m110|[39m     
[34mexpect[39m(routerSpy[33m.[39mnavigate)[33m.[39m[34mtoHaveBeenCalledWith[39m([[32m'/'[39m])[33m;[39m
    [90m   |[39m                                [31m^[39m
    [90m111|[39m   })[33m;[39m
    [90m112|[39m

[31m[2mÔÄ»ÔÄ»ÔÄ»ÔÄ»ÔÄ»ÔÄ»ÔÄ»ÔÄ»ÔÄ»ÔÄ»ÔÄ»ÔÄ»ÔÄ»ÔÄ»ÔÄ»ÔÄ»ÔÄ»ÔÄ»ÔÄ»ÔÄ»ÔÄ»ÔÄ»ÔÄ»[7/37]ÔÄ»[22m[39m

[41m[1m FAIL [22m[49m [30m[43m frontend [49m[39m src/app/features/profile/profile.spec.ts[2m > 
[22mProfileComponent[2m > [22mshould send password fields if password is provided
[31m[1mAssertionError[22m: expected "vi.fn()" to be called with arguments: [ ObjectContaining{ÔÇª} ][90m

Number of calls: [1m0[22m
[31m[39m
[36m [2mÔØ»[22m src/app/features/profile/profile.spec.ts:[2m164:42[22m[39m
    [90m162|[39m     })[33m;[39m
    [90m163|[39m     component[33m.[39m[34monSubmit[39m()[33m;[39m
    [90m164|[39m     expect(authServiceSpy.updateProfile).toHaveBeenCalledWith(expect.oÔÇª
    [90m   |[39m                                          [31m^[39m
    [90m165|[39m       password[33m:[39m [32m'newpassword123'[39m
    [90m166|[39m     }))[33m;[39m

[31m[2mÔÄ»ÔÄ»ÔÄ»ÔÄ»ÔÄ»ÔÄ»ÔÄ»ÔÄ»ÔÄ»ÔÄ»ÔÄ»ÔÄ»ÔÄ»ÔÄ»ÔÄ»ÔÄ»ÔÄ»ÔÄ»ÔÄ»ÔÄ»ÔÄ»ÔÄ»ÔÄ»[8/37]ÔÄ»[22m[39m

[41m[1m FAIL [22m[49m [30m[43m frontend [49m[39m src/app/features/profile/profile.spec.ts[2m > 
[22mProfileComponent[2m > [22mshould handle generic error
[31m[1mAssertionError[22m: expected "vi.fn()" to be called with arguments: [ 'Server error' ][90m

Number of calls: [1m0[22m
[31m[39m
[36m [2mÔØ»[22m src/app/features/profile/profile.spec.ts:[2m173:33[22m[39m
    [90m171|[39m     component.profileForm.patchValue({ name: 'John', email: 'john@testÔÇª
    [90m172|[39m     component[33m.[39m[34monSubmit[39m()[33m;[39m
    [90m173|[39m     
[34mexpect[39m(notifySpy[33m.[39mshowError)[33m.[39m[34mtoHaveBeenCalledWith[39m([32m'Server 
error'[39m)[33m;[39m
    [90m   |[39m                                 [31m^[39m
    [90m174|[39m   })[33m;[39m
    [90m175|[39m })[33m;[39m

[31m[2mÔÄ»ÔÄ»ÔÄ»ÔÄ»ÔÄ»ÔÄ»ÔÄ»ÔÄ»ÔÄ»ÔÄ»ÔÄ»ÔÄ»ÔÄ»ÔÄ»ÔÄ»ÔÄ»ÔÄ»ÔÄ»ÔÄ»ÔÄ»ÔÄ»ÔÄ»ÔÄ»[9/37]ÔÄ»[22m[39m

[41m[1m FAIL [22m[49m [30m[43m frontend [49m[39m 
src/app/features/projects/project-create/project-create.spec.ts[2m > [22mProjectCreate Component[2m > [22mshould 
initialize form for creation
[31m[1mAssertionError[22m: expected { title: '', description: '', ÔÇª(1) } to deeply equal { title: '', 
description: '' }[39m

[32m- Expected[39m
[31m+ Received[39m

[2m  {[22m
[2m    "description": "",[22m
[31m+   "status": "active",[39m
[2m    "title": "",[22m
[2m  }[22m

[36m [2mÔØ»[22m src/app/features/projects/project-create/project-create.spec.ts:[2m49:41[22m[39m
    [90m 47|[39m   [34mit[39m([32m'should initialize form for creation'[39m[33m,[39m () [33m=>[39m {
    [90m 48|[39m     
[34mexpect[39m(component[33m.[39misEditMode)[33m.[39m[34mtoBe[39m([35mfalse[39m)[33m;[39m
    [90m 49|[39m     [34mexpect[39m(component[33m.[39mprojectForm[33m.[39mvalue)[33m.[39m[34mtoEqual[39m({
    [90m   |[39m                                         [31m^[39m
    [90m 50|[39m       title[33m:[39m [32m''[39m[33m,[39m
    [90m 51|[39m       description[33m:[39m [32m''[39m

[31m[2mÔÄ»ÔÄ»ÔÄ»ÔÄ»ÔÄ»ÔÄ»ÔÄ»ÔÄ»ÔÄ»ÔÄ»ÔÄ»ÔÄ»ÔÄ»ÔÄ»ÔÄ»ÔÄ»ÔÄ»ÔÄ»ÔÄ»ÔÄ»ÔÄ»ÔÄ»[10/37]ÔÄ»[22m[39m

[41m[1m FAIL [22m[49m [30m[43m frontend [49m[39m 
src/app/features/projects/project-create/project-create.spec.ts[2m > [22mProjectCreate Component[2m > [22mshould 
create project and close dialog on success
[31m[1mAssertionError[22m: expected "vi.fn()" to be called with arguments: [ { title: 'New Proj', ÔÇª(1) } ][90m

Received:

[1m  1st vi.fn() call:

[22m[2m  [[22m
[2m    {[22m
[2m      "description": "Desc",[22m
[31m+     "status": "active",[90m
[2m      "title": "New Proj",[22m
[2m    },[22m
[2m  ][22m
[31m[90m

Number of calls: [1m1[22m
[31m[39m
[36m [2mÔØ»[22m src/app/features/projects/project-create/project-create.spec.ts:[2m59:45[22m[39m
    [90m 57|[39m     component.projectForm.patchValue({ title: 'New Proj', description:ÔÇª
    [90m 58|[39m     component[33m.[39m[34monSubmit[39m()[33m;[39m
    [90m 59|[39m     expect(projectServiceSpy.createProject).toHaveBeenCalledWith({ titÔÇª
    [90m   |[39m                                             [31m^[39m
    [90m 60|[39m     [34mexpect[39m(dialogRefSpy[33m.[39mclose)[33m.[39m[34mtoHaveBeenCalledWith[39m({ 
id[33m:[39m [34m1[39m })[33m;[39m
    [90m 61|[39m   })[33m;[39m

[31m[2mÔÄ»ÔÄ»ÔÄ»ÔÄ»ÔÄ»ÔÄ»ÔÄ»ÔÄ»ÔÄ»ÔÄ»ÔÄ»ÔÄ»ÔÄ»ÔÄ»ÔÄ»ÔÄ»ÔÄ»ÔÄ»ÔÄ»ÔÄ»ÔÄ»ÔÄ»[11/37]ÔÄ»[22m[39m

[41m[1m FAIL [22m[49m [30m[43m frontend [49m[39m 
src/app/features/projects/project-create/project-create.spec.ts[2m > [22mProjectCreate Component[2m > [22mshould 
update project if in edit mode
[31m[1mAssertionError[22m: expected "vi.fn()" to be called with arguments: [ 1, { title: 'New Title', ÔÇª(1) } 
][90m

Received:

[1m  1st vi.fn() call:

[22m[2m  [[22m
[2m    1,[22m
[2m    {[22m
[2m      "description": "Old Desc",[22m
[31m+     "status": "active",[90m
[2m      "title": "New Title",[22m

[2m Test Files [22m [1m[31m5 failed[39m[22m[2m | [22m[1m[32m14 passed[39m[22m[90m (19)[39m
[2m      Tests [22m [1m[31m37 failed[39m[22m[2m | [22m[1m[32m107 passed[39m[22m[90m (144)[39m
[2m   Start at [22m 18:42:21
[2m   Duration [22m 38.33s[2m (transform 2.87s, setup 12.55s, import 33.88s, tests 35.76s, environment 66.94s)[22m

[2m    },[22m
[2m  ][22m
[31m[90m

Number of calls: [1m1[22m
[31m[39m
[36m [2mÔØ»[22m src/app/features/projects/project-create/project-create.spec.ts:[2m81:45[22m[39m
    [90m 79|[39m     component[33m.[39mprojectForm[33m.[39m[34mpatchValue[39m({ title[33m:[39m [32m'New 
Title'[39m })[33m;[39m
    [90m 80|[39m     component[33m.[39m[34monSubmit[39m()[33m;[39m
    [90m 81|[39m     expect(projectServiceSpy.updateProject).toHaveBeenCalledWith(1, { ÔÇª
    [90m   |[39m                                             [31m^[39m
    [90m 82|[39m     [34mexpect[39m(dialogRefSpy[33m.[39mclose)[33m.[39m[34mtoHaveBeenCalledWith[39m({ 
id[33m:[39m [34m1[39m })[33m;[39m
    [90m 83|[39m   })[33m;[39m

[31m[2mÔÄ»ÔÄ»ÔÄ»ÔÄ»ÔÄ»ÔÄ»ÔÄ»ÔÄ»ÔÄ»ÔÄ»ÔÄ»ÔÄ»ÔÄ»ÔÄ»ÔÄ»ÔÄ»ÔÄ»ÔÄ»ÔÄ»ÔÄ»ÔÄ»ÔÄ»[12/37]ÔÄ»[22m[39m

[41m[1m FAIL [22m[49m [30m[43m frontend [49m[39m 
src/app/features/projects/project-detail/project-detail.spec.ts[2m > [22mProjectDetail Component[2m > [22mshould 
create
[41m[1m FAIL [22m[49m [30m[43m frontend [49m[39m 
src/app/features/projects/project-detail/project-detail.spec.ts[2m > [22mProjectDetail Component[2m > [22mshould 
open add member dialog and reload on success
[41m[1m FAIL [22m[49m [30m[43m frontend [49m[39m 
src/app/features/projects/project-detail/project-detail.spec.ts[2m > [22mProjectDetail Component[2m > [22mshould 
not reload on add member dialog cancel
[41m[1m FAIL [22m[49m [30m[43m frontend [49m[39m 
src/app/features/projects/project-detail/project-detail.spec.ts[2m > [22mProjectDetail Component[2m > [22mshould 
remove member after confirmation
[41m[1m FAIL [22m[49m [30m[43m frontend [49m[39m 
src/app/features/projects/project-detail/project-detail.spec.ts[2m > [22mProjectDetail Component[2m > [22mshould 
not remove member if confirm is false
[41m[1m FAIL [22m[49m [30m[43m frontend [49m[39m 
src/app/features/projects/project-detail/project-detail.spec.ts[2m > [22mProjectDetail Component[2m > [22mshould 
handle removeMember error
[41m[1m FAIL [22m[49m [30m[43m frontend [49m[39m 
src/app/features/projects/project-detail/project-detail.spec.ts[2m > [22mProjectDetail Component[2m > [22mshould 
handle loadProject error
[41m[1m FAIL [22m[49m [30m[43m frontend [49m[39m 
src/app/features/projects/project-detail/project-detail.spec.ts[2m > [22mProjectDetail Component[2m > [22mshould 
navigate back to projects
[41m[1m FAIL [22m[49m [30m[43m frontend [49m[39m 
src/app/features/projects/project-detail/project-detail.spec.ts[2m > [22mProjectDetail Component[2m > [22mshould 
navigate back if projectId is 0
[31m[1mTypeError[22m: Cannot read properties of undefined (reading 'role_in_project')[39m
[90m [2mÔØ»[22m ProjectDetail_div_0_mat_list_38_mat_list_item_1_Template 
src/app/features/projects/project-detail/project-detail.html:[2m57:34[22m[39m
[90m [2mÔØ»[22m templateFn 
../darwin_arm64-fastbuild-ST-fdfa778d11ba/bin/packages/core/src/render3/instructions/shared.ts:[2m109:4[22m[39m
[90m [2mÔØ»[22m executeTemplate ../darwin_arm64-fastbuild-ST-fdfa778d11ba/bin/packages/core/src/render3/instructions
/change_detection.ts:[2m232:6[22m[39m
[90m [2mÔØ»[22m refreshView ../darwin_arm64-fastbuild-ST-fdfa778d11ba/bin/packages/core/src/render3/instructions/cha
nge_detection.ts:[2m497:4[22m[39m
[90m [2mÔØ»[22m detectChangesInView ../darwin_arm64-fastbuild-ST-fdfa778d11ba/bin/packages/core/src/render3/instruct
ions/change_detection.ts:[2m445:2[22m[39m
[90m [2mÔØ»[22m detectChangesInViewIfAttached ../darwin_arm64-fastbuild-ST-fdfa778d11ba/bin/packages/core/src/render
3/instructions/change_detection.ts:[2m387:6[22m[39m
[90m [2mÔØ»[22m detectChangesInEmbeddedViews ../darwin_arm64-fastbuild-ST-fdfa778d11ba/bin/packages/core/src/render3
/instructions/change_detection.ts:[2m264:4[22m[39m
[90m [2mÔØ»[22m refreshView ../darwin_arm64-fastbuild-ST-fdfa778d11ba/bin/packages/core/src/render3/instructions/cha
nge_detection.ts:[2m497:4[22m[39m
[90m [2mÔØ»[22m detectChangesInView ../darwin_arm64-fastbuild-ST-fdfa778d11ba/bin/packages/core/src/render3/instruct
ions/change_detection.ts:[2m445:2[22m[39m
[90m [2mÔØ»[22m detectChangesInViewIfAttached ../darwin_arm64-fastbuild-ST-fdfa778d11ba/bin/packages/core/src/render
3/instructions/change_detection.ts:[2m387:6[22m[39m

[31m[2mÔÄ»ÔÄ»ÔÄ»ÔÄ»ÔÄ»ÔÄ»ÔÄ»ÔÄ»ÔÄ»ÔÄ»ÔÄ»ÔÄ»ÔÄ»ÔÄ»ÔÄ»ÔÄ»ÔÄ»ÔÄ»ÔÄ»ÔÄ»ÔÄ»ÔÄ»[13/37]ÔÄ»[22m[39m

